../../Middlewares/ST/touchgfx/framework/include/touchgfx/hal/DMA.hpp:138:18:virtual void touchgfx::DMA_Interface::flush()	0	static
../../TouchGFX/target/generated/STM32DMA.hpp:73:31:virtual touchgfx::DMAType STM32DMA::getDMAType()	0	static
../../TouchGFX/target/generated/STM32DMA.hpp:109:18:virtual void STM32DMA::signalDMAInterrupt()	0	static
C:/Users/Xamrex/Documents/Projekty/STM32f429/Stm32F429-Discovery-Battery-Charger/TouchGFX/target/generated/STM32DMA.cpp:61:6:virtual void STM32DMA::initialize()	8	static
C:/Users/Xamrex/Documents/Projekty/STM32f429/Stm32F429-Discovery-Battery-Charger/TouchGFX/target/generated/STM32DMA.cpp:143:16:virtual touchgfx::BlitOperations STM32DMA::getBlitCaps()	0	static
C:/Users/Xamrex/Documents/Projekty/STM32f429/Stm32F429-Discovery-Battery-Charger/TouchGFX/target/generated/STM32DMA.cpp:55:1:STM32DMA::~STM32DMA()	0	static,ignoring_inline_asm
C:/Users/Xamrex/Documents/Projekty/STM32f429/Stm32F429-Discovery-Battery-Charger/TouchGFX/target/generated/STM32DMA.cpp:55:1:virtual STM32DMA::~STM32DMA()	8	static
C:/Users/Xamrex/Documents/Projekty/STM32f429/Stm32F429-Discovery-Battery-Charger/TouchGFX/target/generated/STM32DMA.cpp:43:17:void DMA2D_XferCpltCallback(DMA2D_HandleTypeDef*)	0	static
C:/Users/Xamrex/Documents/Projekty/STM32f429/Stm32F429-Discovery-Battery-Charger/TouchGFX/target/generated/STM32DMA.cpp:50:1:STM32DMA::STM32DMA()	16	static
C:/Users/Xamrex/Documents/Projekty/STM32f429/Stm32F429-Discovery-Battery-Charger/TouchGFX/target/generated/STM32DMA.cpp:75:17:uint32_t STM32DMA::getChromARTInputFormat(touchgfx::Bitmap::BitmapFormat)	8	static
C:/Users/Xamrex/Documents/Projekty/STM32f429/Stm32F429-Discovery-Battery-Charger/TouchGFX/target/generated/STM32DMA.cpp:110:17:uint32_t STM32DMA::getChromARTOutputFormat(touchgfx::Bitmap::BitmapFormat)	8	static
C:/Users/Xamrex/Documents/Projekty/STM32f429/Stm32F429-Discovery-Battery-Charger/TouchGFX/target/generated/STM32DMA.cpp:166:6:virtual void STM32DMA::setupDataCopy(const touchgfx::BlitOp&)	32	static
C:/Users/Xamrex/Documents/Projekty/STM32f429/Stm32F429-Discovery-Battery-Charger/TouchGFX/target/generated/STM32DMA.cpp:335:6:virtual void STM32DMA::setupDataFill(const touchgfx::BlitOp&)	16	static
C:/Users/Xamrex/Documents/Projekty/STM32f429/Stm32F429-Discovery-Battery-Charger/TouchGFX/target/generated/STM32DMA.cpp:405:10:void touchgfx::paint::rgb565::setL8Pallette(const uint8_t*)	0	static
C:/Users/Xamrex/Documents/Projekty/STM32f429/Stm32F429-Discovery-Battery-Charger/TouchGFX/target/generated/STM32DMA.cpp:416:10:void touchgfx::paint::rgb565::tearDown()	0	static
C:/Users/Xamrex/Documents/Projekty/STM32f429/Stm32F429-Discovery-Battery-Charger/TouchGFX/target/generated/STM32DMA.cpp:431:10:void touchgfx::paint::rgb565::lineFromColor(uint16_t*, unsigned int, uint32_t, uint8_t, uint32_t)	12	static
C:/Users/Xamrex/Documents/Projekty/STM32f429/Stm32F429-Discovery-Battery-Charger/TouchGFX/target/generated/STM32DMA.cpp:481:10:void touchgfx::paint::rgb565::lineFromRGB565(uint16_t*, const uint16_t*, unsigned int, uint8_t)	12	static
C:/Users/Xamrex/Documents/Projekty/STM32f429/Stm32F429-Discovery-Battery-Charger/TouchGFX/target/generated/STM32DMA.cpp:525:10:void touchgfx::paint::rgb565::lineFromARGB8888(uint16_t*, const uint32_t*, unsigned int, uint8_t)	12	static
C:/Users/Xamrex/Documents/Projekty/STM32f429/Stm32F429-Discovery-Battery-Charger/TouchGFX/target/generated/STM32DMA.cpp:558:10:void touchgfx::paint::rgb565::lineFromL8RGB888(uint16_t*, const uint8_t*, unsigned int, uint8_t)	16	static
C:/Users/Xamrex/Documents/Projekty/STM32f429/Stm32F429-Discovery-Battery-Charger/TouchGFX/target/generated/STM32DMA.cpp:623:10:void touchgfx::paint::rgb565::lineFromL8ARGB8888(uint16_t*, const uint8_t*, unsigned int, uint8_t)	12	static
