C:/TouchGFXProjects/MyApplication_15/Core/Src/main.c:1095:13:SPI5_Write	16	static
C:/TouchGFXProjects/MyApplication_15/Core/Src/main.c:1207:13:TouchGFX_Task	8	static
C:/TouchGFXProjects/MyApplication_15/Core/Src/main.c:163:7:CountAvgFrom60sec	8	static
C:/TouchGFXProjects/MyApplication_15/Core/Src/main.c:1225:13:ZadanieDwa	32	static
C:/TouchGFXProjects/MyApplication_15/Core/Src/main.c:283:6:SystemClock_Config	152	static
C:/TouchGFXProjects/MyApplication_15/Core/Src/main.c:188:5:main	120	static
C:/TouchGFXProjects/MyApplication_15/Core/Src/main.c:939:6:IOE_Init	0	static
C:/TouchGFXProjects/MyApplication_15/Core/Src/main.c:948:6:IOE_ITConfig	0	static
C:/TouchGFXProjects/MyApplication_15/Core/Src/main.c:960:6:IOE_Write	32	static
C:/TouchGFXProjects/MyApplication_15/Core/Src/main.c:971:9:IOE_Read	32	static
C:/TouchGFXProjects/MyApplication_15/Core/Src/main.c:984:10:IOE_ReadMultiple	24	static
C:/TouchGFXProjects/MyApplication_15/Core/Src/main.c:993:6:IOE_Delay	0	static
C:/TouchGFXProjects/MyApplication_15/Core/Src/main.c:1121:6:LCD_IO_Init	8	static
C:/TouchGFXProjects/MyApplication_15/Core/Src/main.c:1131:6:LCD_IO_WriteData	16	static
C:/TouchGFXProjects/MyApplication_15/Core/Src/main.c:1147:6:LCD_IO_WriteReg	16	static
C:/TouchGFXProjects/MyApplication_15/Core/Src/main.c:1166:10:LCD_IO_ReadData	32	static
C:/TouchGFXProjects/MyApplication_15/Core/Src/main.c:1193:6:LCD_Delay	0	static
C:/TouchGFXProjects/MyApplication_15/Core/Src/main.c:1337:6:HAL_TIM_PeriodElapsedCallback	8	static
C:/TouchGFXProjects/MyApplication_15/Core/Src/main.c:1357:6:Error_Handler	0	static
