C:/TouchGFXProjects/MyApplication_15/Core/Src/main.c:1120:13:SPI5_Write	16	static
C:/TouchGFXProjects/MyApplication_15/Core/Src/main.c:1232:13:TouchGFX_Task	8	static
C:/TouchGFXProjects/MyApplication_15/Core/Src/main.c:162:7:CountAvgFrom60sec	8	static
C:/TouchGFXProjects/MyApplication_15/Core/Src/main.c:172:5:SetCurrent	0	static
C:/TouchGFXProjects/MyApplication_15/Core/Src/main.c:1250:13:ZadanieDwa	32	static
C:/TouchGFXProjects/MyApplication_15/Core/Src/main.c:298:6:SystemClock_Config	152	static
C:/TouchGFXProjects/MyApplication_15/Core/Src/main.c:200:5:main	120	static
C:/TouchGFXProjects/MyApplication_15/Core/Src/main.c:964:6:IOE_Init	0	static
C:/TouchGFXProjects/MyApplication_15/Core/Src/main.c:973:6:IOE_ITConfig	0	static
C:/TouchGFXProjects/MyApplication_15/Core/Src/main.c:985:6:IOE_Write	32	static
C:/TouchGFXProjects/MyApplication_15/Core/Src/main.c:996:9:IOE_Read	32	static
C:/TouchGFXProjects/MyApplication_15/Core/Src/main.c:1009:10:IOE_ReadMultiple	24	static
C:/TouchGFXProjects/MyApplication_15/Core/Src/main.c:1018:6:IOE_Delay	0	static
C:/TouchGFXProjects/MyApplication_15/Core/Src/main.c:1146:6:LCD_IO_Init	8	static
C:/TouchGFXProjects/MyApplication_15/Core/Src/main.c:1156:6:LCD_IO_WriteData	16	static
C:/TouchGFXProjects/MyApplication_15/Core/Src/main.c:1172:6:LCD_IO_WriteReg	16	static
C:/TouchGFXProjects/MyApplication_15/Core/Src/main.c:1191:10:LCD_IO_ReadData	32	static
C:/TouchGFXProjects/MyApplication_15/Core/Src/main.c:1218:6:LCD_Delay	0	static
C:/TouchGFXProjects/MyApplication_15/Core/Src/main.c:1388:6:HAL_TIM_PeriodElapsedCallback	8	static
C:/TouchGFXProjects/MyApplication_15/Core/Src/main.c:1408:6:Error_Handler	0	static
