C:/Users/Xamrex/Documents/Projekty/STM32f429/Stm32F429-Discovery-Battery-Charger/Core/Src/main.c:1175:13:SPI5_Write	16	static
C:/Users/Xamrex/Documents/Projekty/STM32f429/Stm32F429-Discovery-Battery-Charger/Core/Src/main.c:1287:13:TouchGFX_Task	8	static
C:/Users/Xamrex/Documents/Projekty/STM32f429/Stm32F429-Discovery-Battery-Charger/Core/Src/main.c:163:7:CountAvgFrom60sec	8	static
C:/Users/Xamrex/Documents/Projekty/STM32f429/Stm32F429-Discovery-Battery-Charger/Core/Src/main.c:225:5:SetCurrent	0	static
C:/Users/Xamrex/Documents/Projekty/STM32f429/Stm32F429-Discovery-Battery-Charger/Core/Src/main.c:174:6:SetProperVoltage	56	static
C:/Users/Xamrex/Documents/Projekty/STM32f429/Stm32F429-Discovery-Battery-Charger/Core/Src/main.c:1305:13:ZadanieDwa	40	static
C:/Users/Xamrex/Documents/Projekty/STM32f429/Stm32F429-Discovery-Battery-Charger/Core/Src/main.c:353:6:SystemClock_Config	152	static
C:/Users/Xamrex/Documents/Projekty/STM32f429/Stm32F429-Discovery-Battery-Charger/Core/Src/main.c:253:5:main	120	static
C:/Users/Xamrex/Documents/Projekty/STM32f429/Stm32F429-Discovery-Battery-Charger/Core/Src/main.c:1019:6:IOE_Init	0	static
C:/Users/Xamrex/Documents/Projekty/STM32f429/Stm32F429-Discovery-Battery-Charger/Core/Src/main.c:1028:6:IOE_ITConfig	0	static
C:/Users/Xamrex/Documents/Projekty/STM32f429/Stm32F429-Discovery-Battery-Charger/Core/Src/main.c:1040:6:IOE_Write	32	static
C:/Users/Xamrex/Documents/Projekty/STM32f429/Stm32F429-Discovery-Battery-Charger/Core/Src/main.c:1051:9:IOE_Read	32	static
C:/Users/Xamrex/Documents/Projekty/STM32f429/Stm32F429-Discovery-Battery-Charger/Core/Src/main.c:1064:10:IOE_ReadMultiple	24	static
C:/Users/Xamrex/Documents/Projekty/STM32f429/Stm32F429-Discovery-Battery-Charger/Core/Src/main.c:1073:6:IOE_Delay	0	static
C:/Users/Xamrex/Documents/Projekty/STM32f429/Stm32F429-Discovery-Battery-Charger/Core/Src/main.c:1201:6:LCD_IO_Init	8	static
C:/Users/Xamrex/Documents/Projekty/STM32f429/Stm32F429-Discovery-Battery-Charger/Core/Src/main.c:1211:6:LCD_IO_WriteData	16	static
C:/Users/Xamrex/Documents/Projekty/STM32f429/Stm32F429-Discovery-Battery-Charger/Core/Src/main.c:1227:6:LCD_IO_WriteReg	16	static
C:/Users/Xamrex/Documents/Projekty/STM32f429/Stm32F429-Discovery-Battery-Charger/Core/Src/main.c:1246:10:LCD_IO_ReadData	32	static
C:/Users/Xamrex/Documents/Projekty/STM32f429/Stm32F429-Discovery-Battery-Charger/Core/Src/main.c:1273:6:LCD_Delay	0	static
C:/Users/Xamrex/Documents/Projekty/STM32f429/Stm32F429-Discovery-Battery-Charger/Core/Src/main.c:1449:6:HAL_TIM_PeriodElapsedCallback	8	static
C:/Users/Xamrex/Documents/Projekty/STM32f429/Stm32F429-Discovery-Battery-Charger/Core/Src/main.c:1469:6:Error_Handler	0	static
