C:/TouchGFXProjects/MyApplication_15/Core/Src/main.c:1042:13:SPI5_Write	16	static
C:/TouchGFXProjects/MyApplication_15/Core/Src/main.c:1154:13:TouchGFX_Task	8	static
C:/TouchGFXProjects/MyApplication_15/Core/Src/main.c:161:7:CountAvgFrom60sec	8	static
C:/TouchGFXProjects/MyApplication_15/Core/Src/main.c:1172:13:ZadanieDwa	24	static
C:/TouchGFXProjects/MyApplication_15/Core/Src/main.c:280:6:SystemClock_Config	152	static
C:/TouchGFXProjects/MyApplication_15/Core/Src/main.c:186:5:main	120	static
C:/TouchGFXProjects/MyApplication_15/Core/Src/main.c:886:6:IOE_Init	0	static
C:/TouchGFXProjects/MyApplication_15/Core/Src/main.c:895:6:IOE_ITConfig	0	static
C:/TouchGFXProjects/MyApplication_15/Core/Src/main.c:907:6:IOE_Write	32	static
C:/TouchGFXProjects/MyApplication_15/Core/Src/main.c:918:9:IOE_Read	32	static
C:/TouchGFXProjects/MyApplication_15/Core/Src/main.c:931:10:IOE_ReadMultiple	24	static
C:/TouchGFXProjects/MyApplication_15/Core/Src/main.c:940:6:IOE_Delay	0	static
C:/TouchGFXProjects/MyApplication_15/Core/Src/main.c:1068:6:LCD_IO_Init	8	static
C:/TouchGFXProjects/MyApplication_15/Core/Src/main.c:1078:6:LCD_IO_WriteData	16	static
C:/TouchGFXProjects/MyApplication_15/Core/Src/main.c:1094:6:LCD_IO_WriteReg	16	static
C:/TouchGFXProjects/MyApplication_15/Core/Src/main.c:1113:10:LCD_IO_ReadData	32	static
C:/TouchGFXProjects/MyApplication_15/Core/Src/main.c:1140:6:LCD_Delay	0	static
C:/TouchGFXProjects/MyApplication_15/Core/Src/main.c:1273:6:HAL_TIM_PeriodElapsedCallback	8	static
C:/TouchGFXProjects/MyApplication_15/Core/Src/main.c:1293:6:Error_Handler	0	static
