C:/TouchGFXProjects/MyApplication_15/Core/Src/main.c:984:13:SPI5_Write	16	static
C:/TouchGFXProjects/MyApplication_15/Core/Src/main.c:1096:13:TouchGFX_Task	8	static
C:/TouchGFXProjects/MyApplication_15/Core/Src/main.c:1114:7:ZadanieDwa	16	static
C:/TouchGFXProjects/MyApplication_15/Core/Src/main.c:272:6:SystemClock_Config	152	static
C:/TouchGFXProjects/MyApplication_15/Core/Src/main.c:180:5:main	120	static
C:/TouchGFXProjects/MyApplication_15/Core/Src/main.c:828:6:IOE_Init	0	static
C:/TouchGFXProjects/MyApplication_15/Core/Src/main.c:837:6:IOE_ITConfig	0	static
C:/TouchGFXProjects/MyApplication_15/Core/Src/main.c:849:6:IOE_Write	32	static
C:/TouchGFXProjects/MyApplication_15/Core/Src/main.c:860:9:IOE_Read	32	static
C:/TouchGFXProjects/MyApplication_15/Core/Src/main.c:873:10:IOE_ReadMultiple	24	static
C:/TouchGFXProjects/MyApplication_15/Core/Src/main.c:882:6:IOE_Delay	0	static
C:/TouchGFXProjects/MyApplication_15/Core/Src/main.c:1010:6:LCD_IO_Init	8	static
C:/TouchGFXProjects/MyApplication_15/Core/Src/main.c:1020:6:LCD_IO_WriteData	16	static
C:/TouchGFXProjects/MyApplication_15/Core/Src/main.c:1036:6:LCD_IO_WriteReg	16	static
C:/TouchGFXProjects/MyApplication_15/Core/Src/main.c:1055:10:LCD_IO_ReadData	32	static
C:/TouchGFXProjects/MyApplication_15/Core/Src/main.c:1082:6:LCD_Delay	0	static
C:/TouchGFXProjects/MyApplication_15/Core/Src/main.c:1168:6:HAL_TIM_PeriodElapsedCallback	8	static
C:/TouchGFXProjects/MyApplication_15/Core/Src/main.c:1188:6:Error_Handler	0	static
