C:/TouchGFXProjects/MyApplication_15/Core/Src/main.c:1040:13:SPI5_Write	16	static
C:/TouchGFXProjects/MyApplication_15/Core/Src/main.c:1152:13:TouchGFX_Task	8	static
C:/TouchGFXProjects/MyApplication_15/Core/Src/main.c:160:7:CountAvgFrom60sec	8	static
C:/TouchGFXProjects/MyApplication_15/Core/Src/main.c:1170:13:ZadanieDwa	32	static
C:/TouchGFXProjects/MyApplication_15/Core/Src/main.c:278:6:SystemClock_Config	152	static
C:/TouchGFXProjects/MyApplication_15/Core/Src/main.c:184:5:main	120	static
C:/TouchGFXProjects/MyApplication_15/Core/Src/main.c:884:6:IOE_Init	0	static
C:/TouchGFXProjects/MyApplication_15/Core/Src/main.c:893:6:IOE_ITConfig	0	static
C:/TouchGFXProjects/MyApplication_15/Core/Src/main.c:905:6:IOE_Write	32	static
C:/TouchGFXProjects/MyApplication_15/Core/Src/main.c:916:9:IOE_Read	32	static
C:/TouchGFXProjects/MyApplication_15/Core/Src/main.c:929:10:IOE_ReadMultiple	24	static
C:/TouchGFXProjects/MyApplication_15/Core/Src/main.c:938:6:IOE_Delay	0	static
C:/TouchGFXProjects/MyApplication_15/Core/Src/main.c:1066:6:LCD_IO_Init	8	static
C:/TouchGFXProjects/MyApplication_15/Core/Src/main.c:1076:6:LCD_IO_WriteData	16	static
C:/TouchGFXProjects/MyApplication_15/Core/Src/main.c:1092:6:LCD_IO_WriteReg	16	static
C:/TouchGFXProjects/MyApplication_15/Core/Src/main.c:1111:10:LCD_IO_ReadData	32	static
C:/TouchGFXProjects/MyApplication_15/Core/Src/main.c:1138:6:LCD_Delay	0	static
C:/TouchGFXProjects/MyApplication_15/Core/Src/main.c:1262:6:HAL_TIM_PeriodElapsedCallback	8	static
C:/TouchGFXProjects/MyApplication_15/Core/Src/main.c:1282:6:Error_Handler	0	static
