C:/Users/Xamrex/Documents/Projekty/STM32f429/Stm32F429-Discovery-Battery-Charger/Core/Src/main.c:1177:13:SPI5_Write	16	static
C:/Users/Xamrex/Documents/Projekty/STM32f429/Stm32F429-Discovery-Battery-Charger/Core/Src/main.c:1289:13:TouchGFX_Task	8	static
C:/Users/Xamrex/Documents/Projekty/STM32f429/Stm32F429-Discovery-Battery-Charger/Core/Src/main.c:163:7:CountAvgFrom60sec	8	static
C:/Users/Xamrex/Documents/Projekty/STM32f429/Stm32F429-Discovery-Battery-Charger/Core/Src/main.c:174:6:SetProperVoltage	8	static
C:/Users/Xamrex/Documents/Projekty/STM32f429/Stm32F429-Discovery-Battery-Charger/Core/Src/main.c:1307:13:ZadanieDwa	40	static
C:/Users/Xamrex/Documents/Projekty/STM32f429/Stm32F429-Discovery-Battery-Charger/Core/Src/main.c:228:5:SetCurrent	0	static
C:/Users/Xamrex/Documents/Projekty/STM32f429/Stm32F429-Discovery-Battery-Charger/Core/Src/main.c:355:6:SystemClock_Config	152	static
C:/Users/Xamrex/Documents/Projekty/STM32f429/Stm32F429-Discovery-Battery-Charger/Core/Src/main.c:256:5:main	120	static
C:/Users/Xamrex/Documents/Projekty/STM32f429/Stm32F429-Discovery-Battery-Charger/Core/Src/main.c:1021:6:IOE_Init	0	static
C:/Users/Xamrex/Documents/Projekty/STM32f429/Stm32F429-Discovery-Battery-Charger/Core/Src/main.c:1030:6:IOE_ITConfig	0	static
C:/Users/Xamrex/Documents/Projekty/STM32f429/Stm32F429-Discovery-Battery-Charger/Core/Src/main.c:1042:6:IOE_Write	32	static
C:/Users/Xamrex/Documents/Projekty/STM32f429/Stm32F429-Discovery-Battery-Charger/Core/Src/main.c:1053:9:IOE_Read	32	static
C:/Users/Xamrex/Documents/Projekty/STM32f429/Stm32F429-Discovery-Battery-Charger/Core/Src/main.c:1066:10:IOE_ReadMultiple	24	static
C:/Users/Xamrex/Documents/Projekty/STM32f429/Stm32F429-Discovery-Battery-Charger/Core/Src/main.c:1075:6:IOE_Delay	0	static
C:/Users/Xamrex/Documents/Projekty/STM32f429/Stm32F429-Discovery-Battery-Charger/Core/Src/main.c:1203:6:LCD_IO_Init	8	static
C:/Users/Xamrex/Documents/Projekty/STM32f429/Stm32F429-Discovery-Battery-Charger/Core/Src/main.c:1213:6:LCD_IO_WriteData	16	static
C:/Users/Xamrex/Documents/Projekty/STM32f429/Stm32F429-Discovery-Battery-Charger/Core/Src/main.c:1229:6:LCD_IO_WriteReg	16	static
C:/Users/Xamrex/Documents/Projekty/STM32f429/Stm32F429-Discovery-Battery-Charger/Core/Src/main.c:1248:10:LCD_IO_ReadData	32	static
C:/Users/Xamrex/Documents/Projekty/STM32f429/Stm32F429-Discovery-Battery-Charger/Core/Src/main.c:1275:6:LCD_Delay	0	static
C:/Users/Xamrex/Documents/Projekty/STM32f429/Stm32F429-Discovery-Battery-Charger/Core/Src/main.c:1446:6:HAL_TIM_PeriodElapsedCallback	8	static
C:/Users/Xamrex/Documents/Projekty/STM32f429/Stm32F429-Discovery-Battery-Charger/Core/Src/main.c:1466:6:Error_Handler	0	static
