C:/TouchGFXProjects/MyApplication_15/Core/Src/stm32f4xx_hal_msp.c:64:6:HAL_MspInit	8	static
C:/TouchGFXProjects/MyApplication_15/Core/Src/stm32f4xx_hal_msp.c:88:6:HAL_ADC_MspInit	40	static
C:/TouchGFXProjects/MyApplication_15/Core/Src/stm32f4xx_hal_msp.c:121:6:HAL_ADC_MspDeInit	0	static
C:/TouchGFXProjects/MyApplication_15/Core/Src/stm32f4xx_hal_msp.c:149:6:HAL_CRC_MspInit	8	static
C:/TouchGFXProjects/MyApplication_15/Core/Src/stm32f4xx_hal_msp.c:171:6:HAL_CRC_MspDeInit	0	static
C:/TouchGFXProjects/MyApplication_15/Core/Src/stm32f4xx_hal_msp.c:193:6:HAL_DAC_MspInit	40	static
C:/TouchGFXProjects/MyApplication_15/Core/Src/stm32f4xx_hal_msp.c:226:6:HAL_DAC_MspDeInit	0	static
C:/TouchGFXProjects/MyApplication_15/Core/Src/stm32f4xx_hal_msp.c:254:6:HAL_DMA2D_MspInit	16	static
C:/TouchGFXProjects/MyApplication_15/Core/Src/stm32f4xx_hal_msp.c:279:6:HAL_DMA2D_MspDeInit	0	static
C:/TouchGFXProjects/MyApplication_15/Core/Src/stm32f4xx_hal_msp.c:304:6:HAL_I2C_MspInit	64	static
C:/TouchGFXProjects/MyApplication_15/Core/Src/stm32f4xx_hal_msp.c:352:6:HAL_I2C_MspDeInit	8	static
C:/TouchGFXProjects/MyApplication_15/Core/Src/stm32f4xx_hal_msp.c:383:6:HAL_LTDC_MspInit	72	static
C:/TouchGFXProjects/MyApplication_15/Core/Src/stm32f4xx_hal_msp.c:495:6:HAL_LTDC_MspDeInit	8	static
C:/TouchGFXProjects/MyApplication_15/Core/Src/stm32f4xx_hal_msp.c:557:6:HAL_SPI_MspInit	40	static
C:/TouchGFXProjects/MyApplication_15/Core/Src/stm32f4xx_hal_msp.c:594:6:HAL_SPI_MspDeInit	0	static
C:/TouchGFXProjects/MyApplication_15/Core/Src/stm32f4xx_hal_msp.c:624:6:HAL_TIM_Base_MspInit	16	static
C:/TouchGFXProjects/MyApplication_15/Core/Src/stm32f4xx_hal_msp.c:649:6:HAL_TIM_Base_MspDeInit	0	static
C:/TouchGFXProjects/MyApplication_15/Core/Src/stm32f4xx_hal_msp.c:776:6:HAL_SDRAM_MspInit	48	static
C:/TouchGFXProjects/MyApplication_15/Core/Src/stm32f4xx_hal_msp.c:862:6:HAL_SDRAM_MspDeInit	8	static
