C:/Users/Xamrex/Documents/Projekty/STM32f429/Stm32F429-Discovery-Battery-Charger/Core/Src/stm32f4xx_hal_msp.c:64:6:HAL_MspInit	8	static
C:/Users/Xamrex/Documents/Projekty/STM32f429/Stm32F429-Discovery-Battery-Charger/Core/Src/stm32f4xx_hal_msp.c:88:6:HAL_ADC_MspInit	48	static
C:/Users/Xamrex/Documents/Projekty/STM32f429/Stm32F429-Discovery-Battery-Charger/Core/Src/stm32f4xx_hal_msp.c:153:6:HAL_ADC_MspDeInit	0	static
C:/Users/Xamrex/Documents/Projekty/STM32f429/Stm32F429-Discovery-Battery-Charger/Core/Src/stm32f4xx_hal_msp.c:209:6:HAL_CRC_MspInit	8	static
C:/Users/Xamrex/Documents/Projekty/STM32f429/Stm32F429-Discovery-Battery-Charger/Core/Src/stm32f4xx_hal_msp.c:231:6:HAL_CRC_MspDeInit	0	static
C:/Users/Xamrex/Documents/Projekty/STM32f429/Stm32F429-Discovery-Battery-Charger/Core/Src/stm32f4xx_hal_msp.c:253:6:HAL_DAC_MspInit	40	static
C:/Users/Xamrex/Documents/Projekty/STM32f429/Stm32F429-Discovery-Battery-Charger/Core/Src/stm32f4xx_hal_msp.c:286:6:HAL_DAC_MspDeInit	0	static
C:/Users/Xamrex/Documents/Projekty/STM32f429/Stm32F429-Discovery-Battery-Charger/Core/Src/stm32f4xx_hal_msp.c:314:6:HAL_DMA2D_MspInit	16	static
C:/Users/Xamrex/Documents/Projekty/STM32f429/Stm32F429-Discovery-Battery-Charger/Core/Src/stm32f4xx_hal_msp.c:339:6:HAL_DMA2D_MspDeInit	0	static
C:/Users/Xamrex/Documents/Projekty/STM32f429/Stm32F429-Discovery-Battery-Charger/Core/Src/stm32f4xx_hal_msp.c:364:6:HAL_I2C_MspInit	64	static
C:/Users/Xamrex/Documents/Projekty/STM32f429/Stm32F429-Discovery-Battery-Charger/Core/Src/stm32f4xx_hal_msp.c:412:6:HAL_I2C_MspDeInit	8	static
C:/Users/Xamrex/Documents/Projekty/STM32f429/Stm32F429-Discovery-Battery-Charger/Core/Src/stm32f4xx_hal_msp.c:443:6:HAL_LTDC_MspInit	72	static
C:/Users/Xamrex/Documents/Projekty/STM32f429/Stm32F429-Discovery-Battery-Charger/Core/Src/stm32f4xx_hal_msp.c:555:6:HAL_LTDC_MspDeInit	8	static
C:/Users/Xamrex/Documents/Projekty/STM32f429/Stm32F429-Discovery-Battery-Charger/Core/Src/stm32f4xx_hal_msp.c:617:6:HAL_SPI_MspInit	40	static
C:/Users/Xamrex/Documents/Projekty/STM32f429/Stm32F429-Discovery-Battery-Charger/Core/Src/stm32f4xx_hal_msp.c:654:6:HAL_SPI_MspDeInit	0	static
C:/Users/Xamrex/Documents/Projekty/STM32f429/Stm32F429-Discovery-Battery-Charger/Core/Src/stm32f4xx_hal_msp.c:684:6:HAL_TIM_Base_MspInit	16	static
C:/Users/Xamrex/Documents/Projekty/STM32f429/Stm32F429-Discovery-Battery-Charger/Core/Src/stm32f4xx_hal_msp.c:709:6:HAL_TIM_Base_MspDeInit	0	static
C:/Users/Xamrex/Documents/Projekty/STM32f429/Stm32F429-Discovery-Battery-Charger/Core/Src/stm32f4xx_hal_msp.c:836:6:HAL_SDRAM_MspInit	48	static
C:/Users/Xamrex/Documents/Projekty/STM32f429/Stm32F429-Discovery-Battery-Charger/Core/Src/stm32f4xx_hal_msp.c:922:6:HAL_SDRAM_MspDeInit	8	static
