C:/TouchGFXProjects/MyApplication_15/Core/Src/stm32f4xx_hal_msp.c:64:6:HAL_MspInit	8	static
C:/TouchGFXProjects/MyApplication_15/Core/Src/stm32f4xx_hal_msp.c:88:6:HAL_ADC_MspInit	40	static
C:/TouchGFXProjects/MyApplication_15/Core/Src/stm32f4xx_hal_msp.c:121:6:HAL_ADC_MspDeInit	0	static
C:/TouchGFXProjects/MyApplication_15/Core/Src/stm32f4xx_hal_msp.c:149:6:HAL_CRC_MspInit	8	static
C:/TouchGFXProjects/MyApplication_15/Core/Src/stm32f4xx_hal_msp.c:171:6:HAL_CRC_MspDeInit	0	static
C:/TouchGFXProjects/MyApplication_15/Core/Src/stm32f4xx_hal_msp.c:193:6:HAL_DMA2D_MspInit	16	static
C:/TouchGFXProjects/MyApplication_15/Core/Src/stm32f4xx_hal_msp.c:218:6:HAL_DMA2D_MspDeInit	0	static
C:/TouchGFXProjects/MyApplication_15/Core/Src/stm32f4xx_hal_msp.c:243:6:HAL_I2C_MspInit	64	static
C:/TouchGFXProjects/MyApplication_15/Core/Src/stm32f4xx_hal_msp.c:291:6:HAL_I2C_MspDeInit	8	static
C:/TouchGFXProjects/MyApplication_15/Core/Src/stm32f4xx_hal_msp.c:322:6:HAL_LTDC_MspInit	72	static
C:/TouchGFXProjects/MyApplication_15/Core/Src/stm32f4xx_hal_msp.c:434:6:HAL_LTDC_MspDeInit	8	static
C:/TouchGFXProjects/MyApplication_15/Core/Src/stm32f4xx_hal_msp.c:496:6:HAL_SPI_MspInit	40	static
C:/TouchGFXProjects/MyApplication_15/Core/Src/stm32f4xx_hal_msp.c:533:6:HAL_SPI_MspDeInit	0	static
C:/TouchGFXProjects/MyApplication_15/Core/Src/stm32f4xx_hal_msp.c:563:6:HAL_TIM_Base_MspInit	16	static
C:/TouchGFXProjects/MyApplication_15/Core/Src/stm32f4xx_hal_msp.c:588:6:HAL_TIM_Base_MspDeInit	0	static
C:/TouchGFXProjects/MyApplication_15/Core/Src/stm32f4xx_hal_msp.c:715:6:HAL_SDRAM_MspInit	48	static
C:/TouchGFXProjects/MyApplication_15/Core/Src/stm32f4xx_hal_msp.c:801:6:HAL_SDRAM_MspDeInit	8	static
