C:/TouchGFXProjects/MyApplication_15/Core/Src/stm32f4xx_hal_msp.c:64:6:HAL_MspInit	8	static
C:/TouchGFXProjects/MyApplication_15/Core/Src/stm32f4xx_hal_msp.c:88:6:HAL_ADC_MspInit	8	static
C:/TouchGFXProjects/MyApplication_15/Core/Src/stm32f4xx_hal_msp.c:110:6:HAL_ADC_MspDeInit	0	static
C:/TouchGFXProjects/MyApplication_15/Core/Src/stm32f4xx_hal_msp.c:132:6:HAL_CRC_MspInit	8	static
C:/TouchGFXProjects/MyApplication_15/Core/Src/stm32f4xx_hal_msp.c:154:6:HAL_CRC_MspDeInit	0	static
C:/TouchGFXProjects/MyApplication_15/Core/Src/stm32f4xx_hal_msp.c:176:6:HAL_DMA2D_MspInit	16	static
C:/TouchGFXProjects/MyApplication_15/Core/Src/stm32f4xx_hal_msp.c:201:6:HAL_DMA2D_MspDeInit	0	static
C:/TouchGFXProjects/MyApplication_15/Core/Src/stm32f4xx_hal_msp.c:226:6:HAL_I2C_MspInit	64	static
C:/TouchGFXProjects/MyApplication_15/Core/Src/stm32f4xx_hal_msp.c:274:6:HAL_I2C_MspDeInit	8	static
C:/TouchGFXProjects/MyApplication_15/Core/Src/stm32f4xx_hal_msp.c:305:6:HAL_LTDC_MspInit	72	static
C:/TouchGFXProjects/MyApplication_15/Core/Src/stm32f4xx_hal_msp.c:417:6:HAL_LTDC_MspDeInit	8	static
C:/TouchGFXProjects/MyApplication_15/Core/Src/stm32f4xx_hal_msp.c:479:6:HAL_SPI_MspInit	40	static
C:/TouchGFXProjects/MyApplication_15/Core/Src/stm32f4xx_hal_msp.c:516:6:HAL_SPI_MspDeInit	0	static
C:/TouchGFXProjects/MyApplication_15/Core/Src/stm32f4xx_hal_msp.c:546:6:HAL_TIM_Base_MspInit	16	static
C:/TouchGFXProjects/MyApplication_15/Core/Src/stm32f4xx_hal_msp.c:571:6:HAL_TIM_Base_MspDeInit	0	static
C:/TouchGFXProjects/MyApplication_15/Core/Src/stm32f4xx_hal_msp.c:698:6:HAL_SDRAM_MspInit	48	static
C:/TouchGFXProjects/MyApplication_15/Core/Src/stm32f4xx_hal_msp.c:784:6:HAL_SDRAM_MspDeInit	8	static
