C:/TouchGFXProjects/MyApplication_15/Core/Src/stm32f4xx_hal_msp.c:64:6:HAL_MspInit	8	static
C:/TouchGFXProjects/MyApplication_15/Core/Src/stm32f4xx_hal_msp.c:88:6:HAL_ADC_MspInit	48	static
C:/TouchGFXProjects/MyApplication_15/Core/Src/stm32f4xx_hal_msp.c:142:6:HAL_ADC_MspDeInit	0	static
C:/TouchGFXProjects/MyApplication_15/Core/Src/stm32f4xx_hal_msp.c:187:6:HAL_CRC_MspInit	8	static
C:/TouchGFXProjects/MyApplication_15/Core/Src/stm32f4xx_hal_msp.c:209:6:HAL_CRC_MspDeInit	0	static
C:/TouchGFXProjects/MyApplication_15/Core/Src/stm32f4xx_hal_msp.c:231:6:HAL_DAC_MspInit	40	static
C:/TouchGFXProjects/MyApplication_15/Core/Src/stm32f4xx_hal_msp.c:264:6:HAL_DAC_MspDeInit	0	static
C:/TouchGFXProjects/MyApplication_15/Core/Src/stm32f4xx_hal_msp.c:292:6:HAL_DMA2D_MspInit	16	static
C:/TouchGFXProjects/MyApplication_15/Core/Src/stm32f4xx_hal_msp.c:317:6:HAL_DMA2D_MspDeInit	0	static
C:/TouchGFXProjects/MyApplication_15/Core/Src/stm32f4xx_hal_msp.c:342:6:HAL_I2C_MspInit	64	static
C:/TouchGFXProjects/MyApplication_15/Core/Src/stm32f4xx_hal_msp.c:390:6:HAL_I2C_MspDeInit	8	static
C:/TouchGFXProjects/MyApplication_15/Core/Src/stm32f4xx_hal_msp.c:421:6:HAL_LTDC_MspInit	72	static
C:/TouchGFXProjects/MyApplication_15/Core/Src/stm32f4xx_hal_msp.c:533:6:HAL_LTDC_MspDeInit	8	static
C:/TouchGFXProjects/MyApplication_15/Core/Src/stm32f4xx_hal_msp.c:595:6:HAL_SPI_MspInit	40	static
C:/TouchGFXProjects/MyApplication_15/Core/Src/stm32f4xx_hal_msp.c:632:6:HAL_SPI_MspDeInit	0	static
C:/TouchGFXProjects/MyApplication_15/Core/Src/stm32f4xx_hal_msp.c:662:6:HAL_TIM_Base_MspInit	16	static
C:/TouchGFXProjects/MyApplication_15/Core/Src/stm32f4xx_hal_msp.c:687:6:HAL_TIM_Base_MspDeInit	0	static
C:/TouchGFXProjects/MyApplication_15/Core/Src/stm32f4xx_hal_msp.c:814:6:HAL_SDRAM_MspInit	48	static
C:/TouchGFXProjects/MyApplication_15/Core/Src/stm32f4xx_hal_msp.c:900:6:HAL_SDRAM_MspDeInit	8	static
