../../Middlewares/ST/touchgfx/framework/include/touchgfx/Screen.hpp:104:18:virtual void touchgfx::Screen::afterTransition()	0	static
../../Middlewares/ST/touchgfx/framework/include/touchgfx/Screen.hpp:144:18:virtual void touchgfx::Screen::handleTickEvent()	0	static
../../Middlewares/ST/touchgfx/framework/include/touchgfx/Screen.hpp:154:18:virtual void touchgfx::Screen::handleKeyEvent(uint8_t)	0	static
../../TouchGFX/gui/include/gui/screengraph_screen/ScreenGraphView.hpp:11:13:ScreenGraphView::~ScreenGraphView()	0	static
C:/TouchGFXProjects/MyApplication_15/TouchGFX/gui/src/screengraph_screen/ScreenGraphView.cpp:29:6:virtual void ScreenGraphView::tearDownScreen()	0	static
C:/TouchGFXProjects/MyApplication_15/TouchGFX/gui/src/screengraph_screen/ScreenGraphView.cpp:34:6:virtual void ScreenGraphView::DrawPoint2()	0	static
C:/TouchGFXProjects/MyApplication_15/TouchGFX/gui/src/screengraph_screen/ScreenGraphView.cpp:61:6:virtual void ScreenGraphView::DisplayRunningTime2()	16	static
../../TouchGFX/gui/include/gui/screengraph_screen/ScreenGraphView.hpp:11:13:virtual ScreenGraphView::~ScreenGraphView()	8	static
C:/TouchGFXProjects/MyApplication_15/TouchGFX/gui/src/screengraph_screen/ScreenGraphView.cpp:13:6:virtual void ScreenGraphView::setupScreen()	8	static
C:/TouchGFXProjects/MyApplication_15/TouchGFX/gui/src/screengraph_screen/ScreenGraphView.cpp:52:6:virtual void ScreenGraphView::DisplayLastAndMaxVlt2()	24	static
C:/TouchGFXProjects/MyApplication_15/TouchGFX/gui/src/screengraph_screen/ScreenGraphView.cpp:39:6:virtual void ScreenGraphView::DrawPoint2Min()	16	static
C:/TouchGFXProjects/MyApplication_15/TouchGFX/gui/src/screengraph_screen/ScreenGraphView.cpp:8:1:ScreenGraphView::ScreenGraphView()	8	static
