../../TouchGFX/gui/include/gui/model/ModelListener.hpp:13:18:virtual void ModelListener::UpdateBatteryVoltage()	0	static
../../TouchGFX/gui/include/gui/screengraph_screen/ScreenGraphPresenter.hpp:28:13:ScreenGraphPresenter::~ScreenGraphPresenter()	0	static
C:/Users/Xamrex/Documents/Projekty/STM32f429/Stm32F429-Discovery-Battery-Charger/TouchGFX/gui/src/screengraph_screen/ScreenGraphPresenter.cpp:10:6:virtual void ScreenGraphPresenter::activate()	0	static
C:/Users/Xamrex/Documents/Projekty/STM32f429/Stm32F429-Discovery-Battery-Charger/TouchGFX/gui/src/screengraph_screen/ScreenGraphPresenter.cpp:19:6:virtual void ScreenGraphPresenter::DrawPoint()	0	static
C:/Users/Xamrex/Documents/Projekty/STM32f429/Stm32F429-Discovery-Battery-Charger/TouchGFX/gui/src/screengraph_screen/ScreenGraphPresenter.cpp:23:6:virtual void ScreenGraphPresenter::DrawPointMin()	0	static
C:/Users/Xamrex/Documents/Projekty/STM32f429/Stm32F429-Discovery-Battery-Charger/TouchGFX/gui/src/screengraph_screen/ScreenGraphPresenter.cpp:27:6:virtual void ScreenGraphPresenter::DisplayLastAndMaxVlt()	0	static
C:/Users/Xamrex/Documents/Projekty/STM32f429/Stm32F429-Discovery-Battery-Charger/TouchGFX/gui/src/screengraph_screen/ScreenGraphPresenter.cpp:31:6:virtual void ScreenGraphPresenter::DisplayRunningTime()	0	static
C:/Users/Xamrex/Documents/Projekty/STM32f429/Stm32F429-Discovery-Battery-Charger/TouchGFX/gui/src/screengraph_screen/ScreenGraphPresenter.cpp:35:6:virtual void ScreenGraphPresenter::DisplayCurrentValue()	0	static
C:/Users/Xamrex/Documents/Projekty/STM32f429/Stm32F429-Discovery-Battery-Charger/TouchGFX/gui/src/screengraph_screen/ScreenGraphPresenter.cpp:39:6:virtual void ScreenGraphPresenter::DisplayChargingFinished()	0	static
../../TouchGFX/gui/include/gui/screengraph_screen/ScreenGraphPresenter.hpp:28:13:virtual ScreenGraphPresenter::~ScreenGraphPresenter()	8	static
../../TouchGFX/gui/include/gui/screengraph_screen/ScreenGraphPresenter.hpp:28:13:virtual void* ScreenGraphPresenter::_ZThn4_N20ScreenGraphPresenterD1Ev()	0	static
C:/Users/Xamrex/Documents/Projekty/STM32f429/Stm32F429-Discovery-Battery-Charger/TouchGFX/gui/src/screengraph_screen/ScreenGraphPresenter.cpp:4:1:ScreenGraphPresenter::ScreenGraphPresenter(ScreenGraphView&)	8	static
