../../Middlewares/ST/touchgfx/framework/include/touchgfx/Screen.hpp:104:18:virtual void touchgfx::Screen::afterTransition()	0	static
../../Middlewares/ST/touchgfx/framework/include/touchgfx/Screen.hpp:144:18:virtual void touchgfx::Screen::handleTickEvent()	0	static
../../Middlewares/ST/touchgfx/framework/include/touchgfx/Screen.hpp:154:18:virtual void touchgfx::Screen::handleKeyEvent(uint8_t)	0	static
../../TouchGFX/gui/include/gui/screen1_screen/Screen1View.hpp:11:13:Screen1View::~Screen1View()	0	static
C:/TouchGFXProjects/MyApplication_15/TouchGFX/gui/src/screen1_screen/Screen1View.cpp:17:6:virtual void Screen1View::tearDownScreen()	0	static
C:/TouchGFXProjects/MyApplication_15/TouchGFX/gui/src/screen1_screen/Screen1View.cpp:21:6:virtual void Screen1View::ButtonUpClicked()	8	static
C:/TouchGFXProjects/MyApplication_15/TouchGFX/gui/src/screen1_screen/Screen1View.cpp:30:6:virtual void Screen1View::ButtonDownClicked()	8	static
C:/TouchGFXProjects/MyApplication_15/TouchGFX/gui/src/screen1_screen/Screen1View.cpp:12:6:virtual void Screen1View::setupScreen()	0	static
C:/TouchGFXProjects/MyApplication_15/TouchGFX/gui/src/screen1_screen/Screen1View.cpp:38:6:virtual void Screen1View::DisplayBatteryVoltage()	16	static
../../TouchGFX/gui/include/gui/screen1_screen/Screen1View.hpp:11:13:virtual Screen1View::~Screen1View()	8	static
C:/TouchGFXProjects/MyApplication_15/TouchGFX/gui/src/screen1_screen/Screen1View.cpp:5:1:Screen1View::Screen1View()	8	static
