../../Middlewares/ST/touchgfx/framework/include/touchgfx/Screen.hpp:104:18:virtual void touchgfx::Screen::afterTransition()	0	static
../../Middlewares/ST/touchgfx/framework/include/touchgfx/Screen.hpp:144:18:virtual void touchgfx::Screen::handleTickEvent()	0	static
../../Middlewares/ST/touchgfx/framework/include/touchgfx/Screen.hpp:154:18:virtual void touchgfx::Screen::handleKeyEvent(uint8_t)	0	static
../../TouchGFX/gui/include/gui/screengraph_screen/ScreenGraphView.hpp:11:13:ScreenGraphView::~ScreenGraphView()	0	static
C:/Users/Xamrex/Documents/Projekty/STM32f429/Stm32F429-Discovery-Battery-Charger/TouchGFX/gui/src/screengraph_screen/ScreenGraphView.cpp:29:6:virtual void ScreenGraphView::tearDownScreen()	0	static
C:/Users/Xamrex/Documents/Projekty/STM32f429/Stm32F429-Discovery-Battery-Charger/TouchGFX/gui/src/screengraph_screen/ScreenGraphView.cpp:91:6:virtual void ScreenGraphView::DisplayChargingFinished2()	0	static
C:/Users/Xamrex/Documents/Projekty/STM32f429/Stm32F429-Discovery-Battery-Charger/TouchGFX/gui/src/screengraph_screen/ScreenGraphView.cpp:109:7:virtual float ScreenGraphView::countMin()	16	static
C:/Users/Xamrex/Documents/Projekty/STM32f429/Stm32F429-Discovery-Battery-Charger/TouchGFX/gui/src/screengraph_screen/ScreenGraphView.cpp:121:7:virtual float ScreenGraphView::countMax()	16	static
C:/Users/Xamrex/Documents/Projekty/STM32f429/Stm32F429-Discovery-Battery-Charger/TouchGFX/gui/src/screengraph_screen/ScreenGraphView.cpp:96:6:virtual void ScreenGraphView::DisplayRunningTime2()	16	static
../../TouchGFX/gui/include/gui/screengraph_screen/ScreenGraphView.hpp:11:13:virtual ScreenGraphView::~ScreenGraphView()	8	static
C:/Users/Xamrex/Documents/Projekty/STM32f429/Stm32F429-Discovery-Battery-Charger/TouchGFX/gui/src/screengraph_screen/ScreenGraphView.cpp:13:6:virtual void ScreenGraphView::setupScreen()	8	static
C:/Users/Xamrex/Documents/Projekty/STM32f429/Stm32F429-Discovery-Battery-Charger/TouchGFX/gui/src/screengraph_screen/ScreenGraphView.cpp:84:6:virtual void ScreenGraphView::DisplayCurrentValue2()	16	static
C:/Users/Xamrex/Documents/Projekty/STM32f429/Stm32F429-Discovery-Battery-Charger/TouchGFX/gui/src/screengraph_screen/ScreenGraphView.cpp:75:6:virtual void ScreenGraphView::DisplayLastAndMaxVlt2()	24	static
../../Middlewares/ST/touchgfx/framework/include/touchgfx/widgets/graph/AbstractDataGraph.hpp:438:18:virtual void touchgfx::AbstractDataGraph::setGraphRangeX(int, int)	4	static
../../Middlewares/ST/touchgfx/framework/include/touchgfx/widgets/graph/AbstractDataGraph.hpp:513:18:virtual void touchgfx::AbstractDataGraph::setGraphRangeY(float, float)	0	static
C:/Users/Xamrex/Documents/Projekty/STM32f429/Stm32F429-Discovery-Battery-Charger/TouchGFX/gui/src/screengraph_screen/ScreenGraphView.cpp:34:6:virtual void ScreenGraphView::DrawPoint2()	24	static
C:/Users/Xamrex/Documents/Projekty/STM32f429/Stm32F429-Discovery-Battery-Charger/TouchGFX/gui/src/screengraph_screen/ScreenGraphView.cpp:43:6:virtual void ScreenGraphView::DrawPoint2Min()	24	static
C:/Users/Xamrex/Documents/Projekty/STM32f429/Stm32F429-Discovery-Battery-Charger/TouchGFX/gui/src/screengraph_screen/ScreenGraphView.cpp:8:1:ScreenGraphView::ScreenGraphView()	8	static
